[2026-05-16 14:30:52] User manually toggled OFF mod: trinkets-3.10.0.jar

[2026-05-16 14:30:52] Restored mod asset configuration: trinkets-3.10.0.jar

[2026-05-16 14:30:52] User manually toggled OFF mod: trinkets-3.10.0.jar

[2026-05-16 14:30:52] Restored mod asset configuration: trinkets-3.10.0.jar

[2026-05-16 14:30:53] User manually toggled OFF mod: trinkets-3.10.0.jar

[2026-05-16 14:30:53] Restored mod asset configuration: trinkets-3.10.0.jar

[2026-05-16 14:30:53] User manually toggled OFF mod: trinkets-3.10.0.jar

[2026-05-16 14:30:53] Restored mod asset configuration: trinkets-3.10.0.jar

[2026-05-16 14:30:59] Assembling targeted environment variables for process injection execution: 4GB RAM, 4 CPU cores, dedicated GPU preferred, GPU optimizations on, JVM args: -XX:+UseG1GC -XX:+UnlockExperimentalVMOptions.

[2026-05-16 14:30:59] Launch requested for Fabric 1.21.1.

[2026-05-16 14:30:59] Resolved Fabric loader version: 0.19.2.

[2026-05-16 14:30:59] Using player profile: Test.

[2026-05-16 14:30:59] Installing/verifying Minecraft files and starting the game process...

[2026-05-16 14:32:17] Launch backend finished successfully.

[2026-05-16 14:32:55] Mod loader target environment changed to: NeoForge

[2026-05-16 14:32:55] Restored mod asset configuration: tectonic-3.0.22-neoforge-21.1.jar

[2026-05-16 14:32:55] Disabled incompatible mod asset: trinkets-3.10.0.jar

[2026-05-16 14:32:55] Restored mod asset configuration: trinketsandbaubles-1.2.3.jar

[2026-05-16 14:32:57] User manually toggled OFF mod: trinketsandbaubles-1.2.3.jar

[2026-05-16 14:32:57] Restored mod asset configuration: trinketsandbaubles-1.2.3.jar

[2026-05-16 14:32:58] User manually toggled OFF mod: tectonic-3.0.22-neoforge-21.1.jar

[2026-05-16 14:32:58] Restored mod asset configuration: tectonic-3.0.22-neoforge-21.1.jar

[2026-05-16 14:32:58] User manually toggled OFF mod: tectonic-3.0.22-neoforge-21.1.jar

[2026-05-16 14:32:58] Restored mod asset configuration: tectonic-3.0.22-neoforge-21.1.jar

[2026-05-16 14:33:03] Mod loader target environment changed to: Quilt

[2026-05-16 14:33:03] Disabled incompatible mod asset: tectonic-3.0.22-neoforge-21.1.jar

[2026-05-16 14:33:03] Restored mod asset configuration: trinkets-3.10.0.jar

[2026-05-16 14:33:03] Disabled incompatible mod asset: trinketsandbaubles-1.2.3.jar

[2026-05-16 14:40:28] User manually toggled OFF mod: trinkets-3.10.0.jar

[2026-05-16 14:40:29] User manually toggled ON mod: trinkets-3.10.0.jar

[2026-05-16 14:40:38] User manually toggled OFF mod: trinkets-3.10.0.jar

[2026-05-16 14:40:39] User manually toggled ON mod: trinkets-3.10.0.jar

[2026-05-16 14:41:00] Microsoft authentication canceled. Reverted to offline mode.

[2026-05-16 14:41:17] Dispatching payload querying task directly to Modrinth endpoints for context: deltarune

[2026-05-16 14:41:19] Dispatching payload querying task directly to Modrinth endpoints for context: deltarune

[2026-05-16 14:41:28] Dispatching payload querying task directly to Modrinth endpoints for context: nature

[2026-05-16 15:24:01] Assembling targeted environment variables for process injection execution: 4GB RAM, 4 CPU cores, dedicated GPU preferred, GPU optimizations on, JVM args: -XX:+UseG1GC -XX:+UnlockExperimentalVMOptions.

[2026-05-16 15:24:01] Launch requested for Fabric 1.21.1.

[2026-05-16 15:24:01] Resolved Fabric loader version: 0.19.2.

[2026-05-16 15:24:01] Using player profile: Test.

[2026-05-16 15:24:01] Installing/verifying Minecraft files and starting the game process...

[2026-05-16 15:36:57] Launch backend finished successfully.

[2026-05-16 15:38:10] Mod loader target environment changed to: Vanilla

[2026-05-16 15:38:10] Disabled incompatible mod asset: trinkets-3.10.0.jar

[2026-05-16 15:38:31] Assembling targeted environment variables for process injection execution: 4GB RAM, 4 CPU cores, dedicated GPU preferred, GPU optimizations on, JVM args: -XX:+UseG1GC -XX:+UnlockExperimentalVMOptions.

[2026-05-16 15:38:31] Launch requested for Vanilla 26.1.2.

[2026-05-16 15:38:31] Resolved Vanilla loader version: vanilla.

[2026-05-16 15:38:31] Using player profile: Test.

[2026-05-16 15:38:31] Installing/verifying Minecraft files and starting the game process...

[2026-05-16 15:40:36] Launch backend finished successfully.

[2026-05-16 15:51:39] Mod loader target environment changed to: Fabric

[2026-05-16 15:51:41] User manually toggled ON mod: trinkets-3.10.0.jar

[2026-05-16 15:54:22] Dispatching payload querying task directly to Modrinth endpoints for context: betterend

[2026-05-16 15:54:26] Resolving install candidate for BetterEnd on Fabric 1.21.1...

[2026-05-16 17:18:37] Dispatching payload querying task directly to Modrinth endpoints for context: iris

[2026-05-16 17:18:39] Resolving install candidate for Iris Shaders on Fabric 1.21.1...

[2026-05-16 17:18:40] Resolving install candidate for Iris Shaders on Fabric 1.21.1...

[2026-05-16 17:18:52] User manually toggled OFF mod: better-end-21.0.11.jar

[2026-05-16 17:19:05] User manually toggled OFF mod: iris-fabric-1.8.8+mc1.21.1.jar

[2026-05-16 17:19:07] User manually toggled OFF mod: fabric-api-0.116.12+1.21.1.jar

[2026-05-16 17:22:20] User manually toggled ON mod: better-end-21.0.11.jar

[2026-05-16 17:22:20] User manually toggled ON mod: fabric-api-0.116.12+1.21.1.jar

[2026-05-16 17:22:21] User manually toggled OFF mod: fabric-api-0.116.12+1.21.1.jar

[2026-05-16 17:22:21] User manually toggled ON mod: iris-fabric-1.8.8+mc1.21.1.jar

[2026-05-16 17:22:22] User manually toggled ON mod: fabric-api-0.116.12+1.21.1.jar

[2026-05-16 17:22:24] Manual mod compatibility check completed.

[2026-05-16 17:26:59] Compatibility check found mod conflicts.

[2026-05-16 17:27:50] User manually toggled OFF mod: better-end-21.0.11.jar

[2026-05-16 17:27:53] Compatibility check completed without known conflicts.

[2026-05-16 17:27:54] Compatibility check completed without known conflicts.

[2026-05-16 17:29:16] Mod loader target environment changed to: Quilt

[2026-05-16 17:29:21] Mod loader target environment changed to: NeoForge

[2026-05-16 17:29:21] Disabled incompatible mod asset: bclib-21.0.13.jar

[2026-05-16 17:29:22] Disabled incompatible mod asset: fabric-api-0.116.12+1.21.1.jar

[2026-05-16 17:29:22] Disabled incompatible mod asset: iris-fabric-1.8.8+mc1.21.1.jar

[2026-05-16 17:29:22] Disabled incompatible mod asset: sodium-fabric-0.8.12-alpha.3+mc1.21.1.jar

[2026-05-16 17:29:22] Disabled incompatible mod asset: trinkets-3.10.0.jar

[2026-05-16 17:29:22] Disabled incompatible mod asset: worldweaver-21.0.13.jar

[2026-05-16 17:29:25] User manually toggled ON mod: trinketsandbaubles-1.2.3.jar

[2026-05-16 17:29:26] User manually toggled ON mod: tectonic-3.0.22-neoforge-21.1.jar

[2026-05-16 17:29:29] Compatibility check completed without known conflicts.

[2026-05-16 17:29:48] Re-mapping offline asset path structures for customized skin resolution...

[2026-05-16 17:32:13] Mod loader target environment changed to: Vanilla

[2026-05-16 17:32:14] Disabled incompatible mod asset: tectonic-3.0.22-neoforge-21.1.jar

[2026-05-16 17:32:14] Disabled incompatible mod asset: trinketsandbaubles-1.2.3.jar

[2026-05-16 17:32:18] Mod loader target environment changed to: Fabric

[2026-05-16 17:43:48] User manually toggled ON mod: bclib-21.0.13.jar

[2026-05-16 17:43:49] User manually toggled ON mod: better-end-21.0.11.jar

[2026-05-16 17:43:49] User manually toggled ON mod: fabric-api-0.116.12+1.21.1.jar

[2026-05-16 17:43:50] User manually toggled ON mod: iris-fabric-1.8.8+mc1.21.1.jar

[2026-05-16 17:43:51] User manually toggled ON mod: sodium-fabric-0.8.12-alpha.3+mc1.21.1.jar

[2026-05-16 17:43:51] User manually toggled ON mod: trinkets-3.10.0.jar

[2026-05-16 17:43:52] User manually toggled ON mod: worldweaver-21.0.13.jar

[2026-05-16 17:43:54] User manually toggled OFF mod: better-end-21.0.11.jar

[2026-05-16 17:43:54] User manually toggled ON mod: better-end-21.0.11.jar

[2026-05-16 17:43:57] Mod loader target environment changed to: Vanilla

[2026-05-16 17:44:00] Mod loader target environment changed to: Forge

[2026-05-16 17:44:07] Mod loader target environment changed to: Fabric

[2026-05-16 17:44:11] Switched to Profile 5.

[2026-05-16 17:44:21] Mod loader target environment changed to: Vanilla

[2026-05-16 17:44:23] Mod loader target environment changed to: NeoForge

[2026-05-16 17:44:26] Switched to Profile 2.

[2026-05-16 17:44:38] Mod loader target environment changed to: Fabric

[2026-05-16 17:44:41] Switched to Profile 1.

[2026-05-16 17:48:34] Switched to Profile 5.

[2026-05-16 17:48:38] Switched to Profile 2.

[2026-05-16 17:48:39] Compatibility check found no enabled mods.

[2026-05-16 17:52:02] Microsoft authentication canceled. Reverted to offline mode.

[2026-05-16 18:05:45] Resolving install candidate for Iris Shaders on Fabric 1.21.1...

[2026-05-16 18:19:36] Resolving install candidate for Iris Shaders on Fabric 1.21.6...

[2026-05-16 19:02:01] Compatibility check found mod conflicts.

[2026-05-16 19:14:52] Compatibility check completed without known conflicts.

[2026-05-16 19:15:00] User manually toggled OFF mod: iris-fabric-1.9.6+mc1.21.8.jar

[2026-05-16 19:15:00] User manually toggled OFF mod: sodium-fabric-0.7.2+mc1.21.8.jar

[2026-05-16 19:15:02] Compatibility check found no enabled mods.

[2026-05-16 19:15:14] User manually toggled ON mod: iris-fabric-1.9.6+mc1.21.8.jar

[2026-05-16 19:15:14] User manually toggled ON mod: sodium-fabric-0.7.2+mc1.21.8.jar

[2026-05-16 19:15:17] Switched to Profile 1.

[2026-05-16 19:15:32] User manually toggled OFF mod: trinkets-3.10.0.jar

[2026-05-16 19:15:35] User manually toggled ON mod: trinkets-3.10.0.jar

[2026-05-16 19:15:38] Disabled incompatible mod for launch: bclib-21.0.13.jar

[2026-05-16 19:15:38] Disabled incompatible mod for launch: better-end-21.0.11.jar

[2026-05-16 19:15:38] Disabled incompatible mod for launch: fabric-api-0.116.12+1.21.1.jar

[2026-05-16 19:15:38] Disabled incompatible mod for launch: iris-fabric-1.8.8+mc1.21.1.jar

[2026-05-16 19:15:38] Disabled incompatible mod for launch: sodium-fabric-0.8.12-alpha.3+mc1.21.1.jar

[2026-05-16 19:15:38] Disabled incompatible mod for launch: worldweaver-21.0.13.jar

[2026-05-16 19:15:38] Prepared Profile 1 by disabling 6 incompatible mods.

[2026-05-16 19:15:38] Assembling targeted environment variables for process injection execution: 16GB RAM, 4 CPU cores, dedicated GPU preferred, GPU optimizations on, JVM args: -XX:+UseG1GC -XX:+UnlockExperimentalVMOptions.

[2026-05-16 19:15:38] Launch requested for Fabric 1.7.10.

[2026-05-16 19:15:38] Launch failed: Fabric loader lookup failed: HTTP status client error (400 Bad Request) for url (https://meta.fabricmc.net/v2/versions/loader/1.7.10)

[2026-05-16 19:22:29] Fabric is not available for 1.7.10. Switched to Vanilla.

[2026-05-16 19:22:29] Disabled incompatible mod: trinkets-3.10.0.jar -> trinkets-3.10.0.jar.bak

[2026-05-16 19:30:56] Mod loader target environment changed to: Forge

[2026-05-16 19:31:09] Dispatching payload querying task directly to Modrinth endpoints for context: deltarune

[2026-05-16 19:31:56] Dispatching payload querying task directly to Modrinth endpoints for context: Deltarune mod

[2026-05-16 19:33:11] Resolving install candidate for Dark knife on Forge 1.20.1...

[2026-05-16 19:33:15] Resolving install candidate for An Undertale & Deltarune Mod on Forge 1.20.1...

[2026-05-16 19:33:18] Resolving install candidate for Rude Buster Mod on Forge 1.20.1...

[2026-05-16 19:33:20] Resolving install candidate for Deltarune Project on Forge 1.20.1...

[2026-05-16 19:33:23] Resolving install candidate for THE DELTA RUNE on Forge 1.20.1...

[2026-05-16 19:33:25] Resolving install candidate for Black Knife [DELTARUNE] on Forge 1.20.1...

[2026-05-16 19:33:27] Resolving install candidate for XBB's Roaring Knight on Forge 1.20.1...

[2026-05-16 19:33:29] Resolving install candidate for Galaxy Craft on Forge 1.20.1...

[2026-05-16 19:33:47] Switched to Profile 2.

[2026-05-16 19:33:49] Switched to Profile 5.

[2026-05-16 19:33:50] Switched to Profile 1.

[2026-05-16 19:34:32] Assembling targeted environment variables for process injection execution: 16GB RAM, 4 CPU cores, dedicated GPU preferred, GPU optimizations on, JVM args: -XX:+UseG1GC -XX:+UnlockExperimentalVMOptions.

[2026-05-16 19:34:32] Launch requested for Forge 1.20.1.

[2026-05-16 19:34:34] Resolved Forge loader version: 1.20.1-47.4.20.

[2026-05-16 19:34:34] Using player profile: Test.

[2026-05-16 19:34:34] Using Profile 1 at C:\Users\brenn\AppData\Roaming\fusion\fusion-launcher\data\Fusion-Core-Instance.

[2026-05-16 19:34:34] Installing/verifying Minecraft files and starting the game process...

[2026-05-16 19:34:34] Launch failed: UnsupportedLoader("Forge")

[2026-05-16 19:43:17] Forge is not available for 1.20.1. Switched to Vanilla.

[2026-05-16 19:43:17] Disabled incompatible mod: black_knife-1.0.0.jar -> black_knife-1.0.0.jar.bak

[2026-05-16 19:43:17] Disabled incompatible mod: dark_knife-1.0.2-forge-1.20.1.jar -> dark_knife-1.0.2-forge-1.20.1.jar.bak

[2026-05-16 19:43:17] Disabled incompatible mod: deltarune-1.3.0-forge-1.20.1.jar -> deltarune-1.3.0-forge-1.20.1.jar.bak

[2026-05-16 19:43:17] Disabled incompatible mod: galaxys_mod-1.3.0-forge-1.20.1.jar -> galaxys_mod-1.3.0-forge-1.20.1.jar.bak

[2026-05-16 19:43:17] Disabled incompatible mod: geckolib-forge-1.20.1-4.8.3.jar -> geckolib-forge-1.20.1-4.8.3.jar.bak

[2026-05-16 19:43:17] Disabled incompatible mod: minecraft_5th_dimensional-1.0.0-forge-1.20.1.jar -> minecraft_5th_dimensional-1.0.0-forge-1.20.1.jar.bak

[2026-05-16 19:43:17] Disabled incompatible mod: rude_buster_mod-1.1.0-forge-1.20.1.jar -> rude_buster_mod-1.1.0-forge-1.20.1.jar.bak

[2026-05-16 19:43:17] Disabled incompatible mod: Undertale_Deltarune_Mod-1.0.6.jar -> Undertale_Deltarune_Mod-1.0.6.jar.bak

[2026-05-16 19:43:17] Disabled incompatible mod: xbbsroaringknightmod-2.0.1.5-1.20.1-Forge.jar -> xbbsroaringknightmod-2.0.1.5-1.20.1-Forge.jar.bak

[2026-05-16 19:49:42] Mod loader target environment changed to: Forge

[2026-05-16 19:49:43] Assembling targeted environment variables for process injection execution: 16GB RAM, 4 CPU cores, dedicated GPU preferred, GPU optimizations on, JVM args: -XX:+UseG1GC -XX:+UnlockExperimentalVMOptions.

[2026-05-16 19:49:43] Launch requested for Forge 1.20.1.

[2026-05-16 19:49:43] Forge profile selected; using the NeoForge-compatible launch backend.

[2026-05-16 19:49:43] Resolved Forge loader version: 47.1.106.

[2026-05-16 19:49:43] Using player profile: Test.

[2026-05-16 19:49:43] Using Profile 1 at C:\Users\brenn\AppData\Roaming\fusion\fusion-launcher\data\Fusion-Core-Instance.

[2026-05-16 19:49:43] Installing/verifying Minecraft files and starting the game process...

[2026-05-16 19:49:44] Launch failed: Query(JsonParsing(Error("missing field `hideExtract`", line: 827, column: 1)))

[2026-05-16 19:55:46] Assembling targeted environment variables for process injection execution: 16GB RAM, 4 CPU cores, dedicated GPU preferred, GPU optimizations on, JVM args: -XX:+UseG1GC -XX:+UnlockExperimentalVMOptions.

[2026-05-16 19:55:46] Launch requested for Forge 1.20.1.

[2026-05-16 19:55:46] Forge profile selected; using the NeoForge-compatible launch backend.

[2026-05-16 19:55:46] Resolved Forge loader version: 47.1.106.

[2026-05-16 19:55:46] Using player profile: Test.

[2026-05-16 19:55:46] Using Profile 1 at C:\Users\brenn\AppData\Roaming\fusion\fusion-launcher\data\Fusion-Core-Instance.

[2026-05-16 19:55:46] Installing/verifying Minecraft files and starting the game process...

[2026-05-16 19:57:08] Launch backend finished successfully.

[2026-05-16 20:12:13] Assembling targeted environment variables for process injection execution: 16GB RAM, 4 CPU cores, dedicated GPU preferred, GPU optimizations on, JVM args: -XX:+UseG1GC -XX:+UnlockExperimentalVMOptions.

[2026-05-16 20:12:13] Launch requested for Forge 1.20.1.

[2026-05-16 20:12:13] Forge profile selected; using the NeoForge-compatible launch backend.

[2026-05-16 20:12:13] Resolved Forge loader version: 47.1.106.

[2026-05-16 20:12:13] Using player profile: Test.

[2026-05-16 20:12:13] Using Profile 1 at C:\Users\brenn\AppData\Roaming\fusion\fusion-launcher\data\Fusion-Core-Instance.

[2026-05-16 20:12:14] Using system Java 21 at C:\Program Files\Eclipse Adoptium\jre-21.0.11.10-hotspot\bin\java.exe.

[2026-05-16 20:12:14] Installing/verifying Minecraft files...

[2026-05-16 20:12:49] Starting the Minecraft Java process...

[2026-05-16 20:12:49] Minecraft process output is being written to C:\Users\brenn\AppData\Roaming\fusion\fusion-launcher\data\Fusion-Core-Instance\logs\launcher-process.log.

[2026-05-16 20:12:49] Minecraft Java process started as PID 21992.

[2026-05-16 20:12:53] [Minecraft stderr] Exception in thread "main" [2026-05-16 20:12:53] [Minecraft stderr] java.lang.module.FindException: Module jopt.simple not found, required by cpw.mods.modlauncher
[2026-05-16 20:12:53] [Minecraft stderr] 	at java.base/java.lang.module.Resolver.findFail(Unknown Source)
[2026-05-16 20:12:53] [Minecraft stderr] 	at java.base/java.lang.module.Resolver.resolve(Unknown Source)
	at java.base/java.lang.module.Resolver.resolve(Unknown Source)
	at java.base/java.lang.module.Configuration.resolveAndBind(Unknown Source)
	at java.base/java.lang.module.Configuration.resolveAndBind(Unknown Source)
[2026-05-16 20:12:53] [Minecraft stderr] 	at cpw.mods.bootstraplauncher@1.1.2/cpw.mods.bootstraplauncher.BootstrapLauncher.main(BootstrapLauncher.java:129)
[2026-05-16 20:12:53] Launch failed: Minecraft exited with code 1. See crash.log and C:\Users\brenn\AppData\Roaming\fusion\fusion-launcher\data\Fusion-Core-Instance\logs\launcher-process.log.

[2026-05-16 20:13:04] Mod loader target environment changed to: Vanilla

[2026-05-16 20:13:05] Assembling targeted environment variables for process injection execution: 16GB RAM, 4 CPU cores, dedicated GPU preferred, GPU optimizations on, JVM args: -XX:+UseG1GC -XX:+UnlockExperimentalVMOptions.

[2026-05-16 20:13:05] Launch requested for Vanilla 1.20.1.

[2026-05-16 20:13:05] Resolved Vanilla loader version: vanilla.

[2026-05-16 20:13:05] Using player profile: Test.

[2026-05-16 20:13:05] Using Profile 1 at C:\Users\brenn\AppData\Roaming\fusion\fusion-launcher\data\Fusion-Core-Instance.

[2026-05-16 20:13:05] Using system Java 21 at C:\Program Files\Eclipse Adoptium\jre-21.0.11.10-hotspot\bin\java.exe.

[2026-05-16 20:13:05] Installing/verifying Minecraft files...

[2026-05-16 20:13:47] Starting the Minecraft Java process...

[2026-05-16 20:13:47] Minecraft process output is being written to C:\Users\brenn\AppData\Roaming\fusion\fusion-launcher\data\Fusion-Core-Instance\logs\launcher-process.log.

[2026-05-16 20:13:47] Minecraft Java process started as PID 8808.

[2026-05-16 20:14:01] [Minecraft stdout] [20:14:01] [Datafixer Bootstrap/INFO]: 188 Datafixer optimizations took 879 milliseconds
[2026-05-16 20:14:03] [Minecraft stdout] [20:14:03] [Render thread/INFO]: [STDERR]: [LWJGL] [ThreadLocalUtil] Unsupported JNI version detected, this may result in a crash. Please inform LWJGL developers.
[2026-05-16 20:14:04] [Minecraft stdout] [20:14:04] [Render thread/INFO]: Environment: authHost='https://authserver.mojang.com', accountsHost='https://api.mojang.com', sessionHost='https://sessionserver.mojang.com', servicesHost='https://api.minecraftservices.com', name='PROD'
[2026-05-16 20:14:06] [Minecraft stdout] [20:14:06] [Render thread/ERROR]: Failed to verify authentication
com.mojang.authlib.exceptions.InvalidCredentialsException: Status: 401
	at com.mojang.authlib.exceptions.MinecraftClientHttpException.toAuthenticationException(MinecraftClientHttpException.java:56) ~[authlib-4.0.43.jar:?]
	at com.mojang.authlib.yggdrasil.YggdrasilUserApiService.fetchProperties(YggdrasilUserApiService.java:156) ~[authlib-4.0.43.jar:?]
	at com.mojang.authlib.yggdrasil.YggdrasilUserApiService.<init>(YggdrasilUserApiService.java:55) ~[authlib-4.0.43.jar:?]
	at com.mojang.authlib.yggdrasil.YggdrasilAuthenticationService.createUserApiService(YggdrasilAuthenticationService.java:124) ~[authlib-4.0.43.jar:?]
	at enn.a(SourceFile:733) ~[Fusion-Core-Instance.jar:?]
	at enn.<init>(SourceFile:442) ~[Fusion-Core-Instance.jar:?]
	at net.minecraft.client.main.Main.main(SourceFile:211) ~[Fusion-Core-Instance.jar:?]
Caused by: com.mojang.authlib.exceptions.MinecraftClientHttpException: Status: 401
	at com.mojang.authlib.minecraft.client.MinecraftClient.readInputStream(MinecraftClient.java:85) ~[authlib-4.0.43.jar:?]
	at com.mojang.authlib.minecraft.client.MinecraftClient.get(MinecraftClient.java:48) ~[authlib-4.0.43.jar:?]
	at com.mojang.authlib.yggdrasil.YggdrasilUserApiService.fetchProperties(YggdrasilUserApiService.java:129) ~[authlib-4.0.43.jar:?]
	... 5 more
[2026-05-16 20:14:06] [Minecraft stdout] [20:14:06] [Render thread/INFO]: Setting user: Test
[2026-05-16 20:14:06] [Minecraft stdout] [20:14:06] [Render thread/INFO]: Backend library: LWJGL version 3.3.1 build 7
[2026-05-16 20:14:10] [Minecraft stdout] [20:14:10] [Render thread/INFO]: Reloading ResourceManager: vanilla
[2026-05-16 20:14:11] [Minecraft stdout] [20:14:10] [Worker-Main-2/INFO]: Found unifont_all_no_pua-15.0.06.hex, loading
[2026-05-16 20:14:14] [Minecraft stdout] [20:14:14] [Render thread/WARN]: Missing sound for event: minecraft:item.goat_horn.play
[2026-05-16 20:14:14] [Minecraft stdout] [20:14:14] [Render thread/WARN]: Missing sound for event: minecraft:entity.goat.screaming.horn_break
[2026-05-16 20:14:14] [Minecraft stdout] [20:14:14] [Render thread/INFO]: OpenAL initialized on device OpenAL Soft on LG IPS FULLHD (NVIDIA High Definition Audio)
[2026-05-16 20:14:14] [Minecraft stdout] [20:14:14] [Render thread/INFO]: Sound engine started
[2026-05-16 20:14:14] [Minecraft stdout] [20:14:14] [Render thread/INFO]: Created: 1024x512x4 minecraft:textures/atlas/blocks.png-atlas
[2026-05-16 20:14:15] [Minecraft stdout] [20:14:14] [Render thread/INFO]: Created: 256x256x4 minecraft:textures/atlas/signs.png-atlas
[2026-05-16 20:14:15] [Minecraft stdout] [20:14:15] [Render thread/INFO]: Created: 512x512x4 minecraft:textures/atlas/banner_patterns.png-atlas
[2026-05-16 20:14:15] [Minecraft stdout] [20:14:15] [Render thread/INFO]: Created: 512x512x4 minecraft:textures/atlas/shield_patterns.png-atlas
[2026-05-16 20:14:15] [Minecraft stdout] [20:14:15] [Render thread/INFO]: Created: 1024x1024x4 minecraft:textures/atlas/armor_trims.png-atlas
[2026-05-16 20:14:15] [Minecraft stdout] [20:14:15] [Render thread/INFO]: Created: 128x64x4 minecraft:textures/atlas/decorated_pot.png-atlas
[2026-05-16 20:14:15] [Minecraft stdout] [20:14:15] [Render thread/INFO]: Created: 256x256x4 minecraft:textures/atlas/chest.png-atlas
[2026-05-16 20:14:15] [Minecraft stdout] [20:14:15] [Render thread/INFO]: Created: 512x256x4 minecraft:textures/atlas/shulker_boxes.png-atlas
[2026-05-16 20:14:15] [Minecraft stdout] [20:14:15] [Render thread/INFO]: Created: 512x256x4 minecraft:textures/atlas/beds.png-atlas
[2026-05-16 20:14:15] [Minecraft stdout] [20:14:15] [Render thread/WARN]: Shader rendertype_entity_translucent_emissive could not find sampler named Sampler2 in the specified shader program.
[2026-05-16 20:14:16] [Minecraft stdout] [20:14:16] [Render thread/INFO]: Created: 256x256x0 minecraft:textures/atlas/particles.png-atlas
[2026-05-16 20:14:16] [Minecraft stdout] [20:14:16] [Render thread/INFO]: Created: 256x256x0 minecraft:textures/atlas/paintings.png-atlas
[2026-05-16 20:14:16] [Minecraft stdout] [20:14:16] [Render thread/INFO]: Created: 128x128x0 minecraft:textures/atlas/mob_effects.png-atlas
[2026-05-16 20:14:25] [Minecraft stdout] [20:14:25] [IO-Worker-4/INFO]: System default audio device has changed!
[2026-05-16 20:14:25] [Minecraft stdout] [20:14:25] [Render thread/WARN]: Missing sound for event: minecraft:item.goat_horn.play
[2026-05-16 20:14:25] [Minecraft stdout] [20:14:25] [Render thread/WARN]: Missing sound for event: minecraft:entity.goat.screaming.horn_break
[2026-05-16 20:14:25] [Minecraft stdout] [20:14:25] [Render thread/INFO]: OpenAL initialized on device OpenAL Soft on Headphones (5- BuddyPhones Cosmos+)
[2026-05-16 20:14:25] [Minecraft stdout] [20:14:25] [Render thread/INFO]: Sound engine started
[2026-05-16 20:16:05] [Minecraft stdout] [20:16:05] [Render thread/INFO]: Stopping!
[2026-05-16 20:16:11] Minecraft process finished successfully.

[2026-05-17 10:35:17] Mod loader target environment changed to: Quilt

[2026-05-17 10:35:23] User manually toggled ON mod: trinkets-3.10.0.jar

[2026-05-17 10:35:30] Mod loader target environment changed to: Vanilla

[2026-05-17 10:35:30] Disabled incompatible mod: trinkets-3.10.0.jar -> trinkets-3.10.0.jar.bak

[2026-05-17 10:35:38] Mod loader target environment changed to: Quilt

[2026-05-17 10:35:45] Mod loader target environment changed to: Fabric

[2026-05-17 10:35:59] User manually toggled ON mod: trinkets-3.10.0.jar

[2026-05-17 10:36:00] Assembling targeted environment variables for process injection execution: 16GB RAM, 4 CPU cores, dedicated GPU preferred, GPU optimizations on, JVM args: -XX:+UseG1GC -XX:+UnlockExperimentalVMOptions.

[2026-05-17 10:36:00] Launch requested for Fabric 1.20.1.

[2026-05-17 10:36:00] Resolved Fabric loader version: 0.19.2.

[2026-05-17 10:36:00] Using player profile: Test.

[2026-05-17 10:36:00] Using Profile 1 at C:\Users\brenn\AppData\Roaming\fusion\fusion-launcher\data\Fusion-Core-Instance.

[2026-05-17 10:36:01] Using system Java 21 at java.

[2026-05-17 10:36:01] Installing/verifying Minecraft files...

[2026-05-17 10:37:07] Starting the Minecraft Java process...

[2026-05-17 10:37:07] Minecraft process output is being written to C:\Users\brenn\AppData\Roaming\fusion\fusion-launcher\data\Fusion-Core-Instance\logs\launcher-process.log.

[2026-05-17 10:37:07] Minecraft Java process started as PID 22336.

[2026-05-17 10:37:21] [Minecraft stdout] [10:37:21] [main/INFO]: Loading Minecraft 1.20.1 with Fabric Loader 0.19.2
[2026-05-17 10:37:21] [Minecraft stdout] [10:37:21] [main/INFO]: Fabric is preparing JARs on first launch, this may take a few seconds...
[2026-05-17 10:37:21] [Minecraft stdout] [10:37:21] [main/WARN]: Mod resolution failed
[2026-05-17 10:37:21] [Minecraft stdout] [10:37:21] [main/INFO]: Immediate reason: [HARD_DEP_NO_CANDIDATE trinkets 3.10.0 {depends fabric-api @ [>=0.51.2]}, ROOT_FORCELOAD_SINGLE trinkets 3.10.0]
[10:37:21] [main/INFO]: Reason: [HARD_DEP trinkets 3.10.0 {depends fabric-api @ [>=0.51.2]}, HARD_DEP cardinal-components-base 6.1.0 {depends fabric-api-base @ [>=0.1.2]}, HARD_DEP cardinal-components-entity 6.1.0 {depends fabric-api-base @ [*]}]
[2026-05-17 10:37:21] [Minecraft stdout] [10:37:21] [main/INFO]: Fix: add [add:fabric-api 0.51.2 ([[0.51.2,∞)]), add:fabric-api-base 0.1.2 ([[0.1.2,∞)])], remove [], replace []
[2026-05-17 10:37:21] [Minecraft stdout] [10:37:21] [main/ERROR]: Incompatible mods found!
net.fabricmc.loader.impl.FormattedException: Some of your mods are incompatible with the game or each other!
A potential solution has been determined, this may resolve your problem:
	 - Install fabric-api, version 0.51.2 or later.
	 - Install fabric-api-base, version 0.1.2 or later.
More details:
	 - Mod 'Trinkets' (trinkets) 3.10.0 requires version 0.51.2 or later of fabric-api, which is missing!
	 - Mod 'Cardinal Components API (base)' (cardinal-components-base) 6.1.0 requires version 0.1.2 or later of fabric-api-base, which is missing!
	 - Mod 'Cardinal Components API (entities)' (cardinal-components-entity) 6.1.0 requires any version of fabric-api-base, which is missing!
	at net.fabricmc.loader.impl.FormattedException.ofLocalized(FormattedException.java:51) ~[fabric-loader-0.19.2.jar:?]
	at net.fabricmc.loader.impl.FabricLoaderImpl.load(FabricLoaderImpl.java:202) ~[fabric-loader-0.19.2.jar:?]
	at net.fabricmc.loader.impl.launch.knot.Knot.init(Knot.java:142) ~[fabric-loader-0.19.2.jar:?]
	at net.fabricmc.loader.impl.launch.knot.Knot.launch(Knot.java:66) ~[fabric-loader-0.19.2.jar:?]
	at net.fabricmc.loader.impl.launch.knot.KnotClient.main(KnotClient.java:23) ~[fabric-loader-0.19.2.jar:?]
[2026-05-17 10:37:39] Launch failed: Minecraft exited with code 1. See crash.log and C:\Users\brenn\AppData\Roaming\fusion\fusion-launcher\data\Fusion-Core-Instance\logs\launcher-process.log.

[2026-05-17 10:49:10] Compatibility check found no enabled mods.

[2026-05-17 10:49:19] Dispatching payload querying task directly to Modrinth endpoints for context: adhd

[2026-05-17 10:49:30] Resolving install candidate for Nullscape on Fabric 1.20.1...

[2026-05-17 10:49:48] Dispatching payload querying task directly to Modrinth endpoints for context: betterend

[2026-05-17 10:49:51] Resolving install candidate for BetterEnd on Fabric 1.20.1...

[2026-05-17 10:50:04] Disabled incompatible mod: bclib-3.0.14.jar -> bclib-3.0.14.jar.bak

[2026-05-17 10:50:04] Disabled incompatible mod: better-end-4.0.11.jar -> better-end-4.0.11.jar.bak

[2026-05-17 10:50:04] Disabled incompatible mod: fabric-api-0.92.9+1.20.1.jar -> fabric-api-0.92.9+1.20.1.jar.bak

[2026-05-17 10:50:15] Assembling targeted environment variables for process injection execution: 16GB RAM, 4 CPU cores, dedicated GPU preferred, GPU optimizations on, JVM args: -XX:+UseG1GC -XX:+UnlockExperimentalVMOptions.

[2026-05-17 10:50:15] Launch requested for Fabric 1.20.2.

[2026-05-17 10:50:16] Resolved Fabric loader version: 0.19.2.

[2026-05-17 10:50:16] Using player profile: Test.

[2026-05-17 10:50:16] Using Profile 1 at C:\Users\brenn\AppData\Roaming\fusion\fusion-launcher\data\Fusion-Core-Instance.

[2026-05-17 10:50:17] Using system Java 21 at java.

[2026-05-17 10:50:17] Installing/verifying Minecraft files...

[2026-05-17 10:50:52] Starting the Minecraft Java process...

[2026-05-17 10:50:52] Minecraft process output is being written to C:\Users\brenn\AppData\Roaming\fusion\fusion-launcher\data\Fusion-Core-Instance\logs\launcher-process.log.

[2026-05-17 10:50:52] Minecraft Java process started as PID 13860.

[2026-05-17 10:51:08] [Minecraft stdout] [10:51:08] [main/INFO]: Loading Minecraft 1.20.2 with Fabric Loader 0.19.2
[2026-05-17 10:51:08] [Minecraft stdout] [10:51:08] [main/INFO]: Fabric is preparing JARs on first launch, this may take a few seconds...
[2026-05-17 10:51:09] [Minecraft stdout] [10:51:09] [main/WARN]: Mod resolution failed
[2026-05-17 10:51:09] [Minecraft stdout] [10:51:09] [main/INFO]: Immediate reason: [HARD_DEP_NO_CANDIDATE nullscape 1.2.7 {depends fabric-api-base @ [*]}, ROOT_FORCELOAD_SINGLE nullscape 1.2.7]
[2026-05-17 10:51:09] [Minecraft stdout] [10:51:09] [main/INFO]: Reason: [HARD_DEP nullscape 1.2.7 {depends fabric-api-base @ [*]}]
[2026-05-17 10:51:09] [Minecraft stdout] [10:51:09] [main/INFO]: Fix: add [add:fabric-api-base 1 ([(-∞,∞)])], remove [], replace []
[2026-05-17 10:51:09] [Minecraft stdout] [10:51:09] [main/ERROR]: Incompatible mods found!
net.fabricmc.loader.impl.FormattedException: Some of your mods are incompatible with the game or each other!
A potential solution has been determined, this may resolve your problem:
	 - Install fabric-api-base, any version.
More details:
	 - Mod 'Nullscape' (nullscape) 1.2.7 requires any version of fabric-api-base, which is missing!
	at net.fabricmc.loader.impl.FormattedException.ofLocalized(FormattedException.java:51) ~[fabric-loader-0.19.2.jar:?]
	at net.fabricmc.loader.impl.FabricLoaderImpl.load(FabricLoaderImpl.java:202) ~[fabric-loader-0.19.2.jar:?]
	at net.fabricmc.loader.impl.launch.knot.Knot.init(Knot.java:142) ~[fabric-loader-0.19.2.jar:?]
	at net.fabricmc.loader.impl.launch.knot.Knot.launch(Knot.java:66) ~[fabric-loader-0.19.2.jar:?]
	at net.fabricmc.loader.impl.launch.knot.KnotClient.main(KnotClient.java:23) ~[fabric-loader-0.19.2.jar:?]
[2026-05-17 10:51:21] Launch failed: Minecraft exited with code 1. See crash.log and C:\Users\brenn\AppData\Roaming\fusion\fusion-launcher\data\Fusion-Core-Instance\logs\launcher-process.log.

[2026-05-17 10:51:37] Dispatching payload querying task directly to Modrinth endpoints for context: fabric-api-base

[2026-05-17 10:55:20] Dispatching payload querying task directly to Modrinth endpoints for context: ADHD

[2026-05-17 10:55:29] Dispatching payload querying task directly to Modrinth endpoints for context: 

[2026-05-17 10:55:34] Switched to Profile 2.

[2026-05-17 10:55:36] Switched to Profile 1.

[2026-05-17 10:55:36] Compatibility check completed without known conflicts.

[2026-05-17 11:00:06] Compatibility check completed without known conflicts.

[2026-05-17 11:00:08] User manually toggled OFF mod: Nullscape_1.20.x_v1.2.8.jar

[2026-05-17 11:00:09] User manually toggled ON mod: Nullscape_1.20.x_v1.2.8.jar

